[1m[32m    Updating[0m crates.io index
[1m[32m     Locking[0m 7 packages to latest compatible versions
[1m[36m      Adding[0m argon2 v0.5.3
[1m[36m      Adding[0m blake2 v0.10.6
[1m[36m      Adding[0m ipnet v2.12.1
[1m[36m      Adding[0m password-hash v0.5.0
[1m[36m      Adding[0m rpassword v7.5.4
[1m[36m      Adding[0m rtoolbox v0.0.5
[1m[36m      Adding[0m windows-sys v0.59.0
[1m[32m Downloading[0m crates ...
[1m[32m  Downloaded[0m hex v0.4.3
[1m[32m  Downloaded[0m atomic-waker v1.1.2
[1m[32m  Downloaded[0m atoi v2.0.0
[1m[32m  Downloaded[0m futures-task v0.3.33
[1m[32m  Downloaded[0m axum-macros v0.5.1
[1m[32m  Downloaded[0m axum-core v0.5.6
[1m[32m  Downloaded[0m rand_chacha v0.3.1
[1m[32m  Downloaded[0m quote v1.0.47
[1m[32m  Downloaded[0m pkcs8 v0.10.2
[1m[32m  Downloaded[0m rand_core v0.6.4
[1m[32m  Downloaded[0m sync_wrapper v1.0.2
[1m[32m  Downloaded[0m scopeguard v1.2.0
[1m[32m  Downloaded[0m generic-array v0.14.7
[1m[32m  Downloaded[0m rustls-pki-types v1.15.1
[1m[32m  Downloaded[0m sha1_smol v1.0.1
[1m[32m  Downloaded[0m stable_deref_trait v1.2.1
[1m[32m  Downloaded[0m sha1 v0.10.7
[1m[32m  Downloaded[0m untrusted v0.9.0
[1m[32m  Downloaded[0m subtle v2.6.1
[1m[32m  Downloaded[0m zerofrom-derive v0.1.7
[1m[32m  Downloaded[0m tower-service v0.3.3
[1m[32m  Downloaded[0m base64 v0.22.1
[1m[32m  Downloaded[0m yoke-derive v0.8.2
[1m[32m  Downloaded[0m tokio-macros v2.7.2
[1m[32m  Downloaded[0m zerofrom v0.1.8
[1m[32m  Downloaded[0m zerovec-derive v0.11.3
[1m[32m  Downloaded[0m thiserror v2.0.19
[1m[32m  Downloaded[0m whoami v1.6.1
[1m[32m  Downloaded[0m tracing-attributes v0.1.31
[1m[32m  Downloaded[0m yoke v0.8.3
[1m[32m  Downloaded[0m unicode-properties v0.1.4
[1m[32m  Downloaded[0m zmij v1.0.23
[1m[32m  Downloaded[0m sqlx-mysql v0.8.6
[1m[32m  Downloaded[0m zerotrie v0.2.4
[1m[32m  Downloaded[0m sqlx-sqlite v0.8.6
[1m[32m  Downloaded[0m tower v0.5.3
[1m[32m  Downloaded[0m zerovec v0.11.6
[1m[32m  Downloaded[0m sqlx-postgres v0.8.6
[1m[32m  Downloaded[0m tower-http v0.6.11
[1m[32m  Downloaded[0m sqlx v0.8.6
[1m[32m  Downloaded[0m icu_properties_data v2.2.0
[1m[32m  Downloaded[0m hyper v1.11.0
[1m[32m  Downloaded[0m webpki-roots v1.0.9
[1m[32m  Downloaded[0m vcpkg v0.2.15
[1m[32m  Downloaded[0m hkdf v0.12.4
[1m[32m  Downloaded[0m zerocopy v0.8.55
[1m[32m  Downloaded[0m syn v2.0.119
[1m[32m  Downloaded[0m syn v3.0.3
[1m[32m  Downloaded[0m futures-util v0.3.33
[1m[32m  Downloaded[0m rustls v0.23.43
[1m[32m  Downloaded[0m chrono v0.4.45
[1m[32m  Downloaded[0m unicode-normalization v0.1.25
[1m[32m  Downloaded[0m typenum v1.20.1
[1m[32m  Downloaded[0m sqlx-core v0.8.6
[1m[32m  Downloaded[0m libm v0.2.16
[1m[32m  Downloaded[0m tracing v0.1.44
[1m[32m  Downloaded[0m idna v1.1.0
[1m[32m  Downloaded[0m hashbrown v0.17.1
[1m[32m  Downloaded[0m hashbrown v0.15.5
[1m[32m  Downloaded[0m serde_json v1.0.151
[1m[32m  Downloaded[0m serde v1.0.229
[1m[32m  Downloaded[0m rustls-webpki v0.103.13
[1m[32m  Downloaded[0m num-bigint-dig v0.8.6
[1m[32m  Downloaded[0m hyper-util v0.1.20
[1m[32m  Downloaded[0m http v1.5.0
[1m[32m  Downloaded[0m url v2.5.8
[1m[32m  Downloaded[0m serde_core v1.0.229
[1m[32m  Downloaded[0m mio v1.2.2
[1m[32m  Downloaded[0m indexmap v2.14.0
[1m[32m  Downloaded[0m futures-intrusive v0.5.0
[1m[32m  Downloaded[0m cc v1.4.0
[1m[32m  Downloaded[0m memchr v2.8.3
[1m[32m  Downloaded[0m icu_locale_core v2.2.0
[1m[32m  Downloaded[0m icu_collections v2.2.0
[1m[32m  Downloaded[0m uuid v1.24.0
[1m[32m  Downloaded[0m unicode-ident v1.0.24
[1m[32m  Downloaded[0m tracing-core v0.1.36
[1m[32m  Downloaded[0m tinyvec v1.12.0
[1m[32m  Downloaded[0m ryu v1.0.23
[1m[32m  Downloaded[0m libc v0.2.189
[1m[32m  Downloaded[0m tokio v1.53.1
[1m[32m  Downloaded[0m icu_normalizer_data v2.2.0
[1m[32m  Downloaded[0m icu_normalizer v2.2.0
[1m[32m  Downloaded[0m flume v0.11.1
[1m[32m  Downloaded[0m bytes v1.12.1
[1m[32m  Downloaded[0m unicode-bidi v0.3.18
[1m[32m  Downloaded[0m ts-rs v11.1.0
[1m[32m  Downloaded[0m socket2 v0.6.5
[1m[32m  Downloaded[0m schemars v1.2.2
[1m[32m  Downloaded[0m tokio-stream v0.1.19
[1m[32m  Downloaded[0m parking_lot_core v0.9.12
[1m[32m  Downloaded[0m parking_lot v0.12.5
[1m[32m  Downloaded[0m num-traits v0.2.19
[1m[32m  Downloaded[0m log v0.4.33
[1m[32m  Downloaded[0m icu_provider v2.2.0
[1m[32m  Downloaded[0m icu_properties v2.2.0
[1m[32m  Downloaded[0m httparse v1.10.1
[1m[32m  Downloaded[0m getrandom v0.4.3
[1m[32m  Downloaded[0m bitflags v2.13.1
[1m[32m  Downloaded[0m smallvec v1.15.2
[1m[32m  Downloaded[0m signal-hook-registry v1.4.8
[1m[32m  Downloaded[0m schemars_derive v1.2.2
[1m[32m  Downloaded[0m pkcs1 v0.7.5
[1m[32m  Downloaded[0m matchit v0.8.4
[1m[32m  Downloaded[0m crossbeam-utils v0.8.22
[1m[32m  Downloaded[0m ts-rs-macros v11.1.0
[1m[32m  Downloaded[0m tinystr v0.8.3
[1m[32m  Downloaded[0m stringprep v0.1.5
[1m[32m  Downloaded[0m rsa v0.9.10
[1m[32m  Downloaded[0m once_cell v1.21.4
[1m[32m  Downloaded[0m iana-time-zone v0.1.65
[1m[32m  Downloaded[0m http-body-util v0.1.4
[1m[32m  Downloaded[0m hmac v0.12.1
[1m[32m  Downloaded[0m ring v0.17.14
[1m[32m  Downloaded[0m getrandom v0.2.17
[1m[32m  Downloaded[0m dotenvy v0.15.7
[1m[32m  Downloaded[0m der v0.7.10
[1m[32m  Downloaded[0m blake2 v0.10.6
[1m[32m  Downloaded[0m termcolor v1.4.1
[1m[32m  Downloaded[0m sqlx-macros-core v0.8.6
[1m[32m  Downloaded[0m spin v0.9.9
[1m[32m  Downloaded[0m slab v0.4.12
[1m[32m  Downloaded[0m sha2 v0.10.9
[1m[32m  Downloaded[0m serde_derive_internals v0.30.0
[1m[32m  Downloaded[0m litemap v0.8.2
[1m[32m  Downloaded[0m hashlink v0.10.0
[1m[32m  Downloaded[0m futures-channel v0.3.33
[1m[32m  Downloaded[0m digest v0.10.7
[1m[32m  Downloaded[0m const-oid v0.9.6
[1m[32m  Downloaded[0m zeroize v1.9.0
[1m[32m  Downloaded[0m writeable v0.6.3
[1m[32m  Downloaded[0m thiserror-impl v2.0.19
[1m[32m  Downloaded[0m synstructure v0.13.2
[1m[32m  Downloaded[0m spki v0.7.3
[1m[32m  Downloaded[0m shlex v2.0.1
[1m[32m  Downloaded[0m serde_urlencoded v0.7.1
[1m[32m  Downloaded[0m serde_path_to_error v0.1.20
[1m[32m  Downloaded[0m pin-project-lite v0.2.17
[1m[32m  Downloaded[0m pem-rfc7468 v0.7.0
[1m[32m  Downloaded[0m num-integer v0.1.46
[1m[32m  Downloaded[0m event-listener v5.4.2
[1m[32m  Downloaded[0m crypto-common v0.1.7
[1m[32m  Downloaded[0m webpki-roots v0.26.11
[1m[32m  Downloaded[0m sqlx-macros v0.8.6
[1m[32m  Downloaded[0m ref-cast-impl v1.0.26
[1m[32m  Downloaded[0m lock_api v0.4.14
[1m[32m  Downloaded[0m futures-executor v0.3.33
[1m[32m  Downloaded[0m find-msvc-tools v0.1.9
[1m[32m  Downloaded[0m byteorder v1.5.0
[1m[32m  Downloaded[0m base64ct v1.8.3
[1m[32m  Downloaded[0m utf8_iter v1.0.4
[1m[32m  Downloaded[0m tinyvec_macros v0.1.1
[1m[32m  Downloaded[0m password-hash v0.5.0
[1m[32m  Downloaded[0m ipnet v2.12.1
[1m[32m  Downloaded[0m either v1.17.0
[1m[32m  Downloaded[0m version_check v0.9.5
[1m[32m  Downloaded[0m tower-layer v0.3.3
[1m[32m  Downloaded[0m lazy_static v1.5.0
[1m[32m  Downloaded[0m http-body v1.1.0
[1m[32m  Downloaded[0m displaydoc v0.2.7
[1m[32m  Downloaded[0m md-5 v0.10.6
[1m[32m  Downloaded[0m futures-io v0.3.33
[1m[32m  Downloaded[0m equivalent v1.0.2
[1m[32m  Downloaded[0m parking v2.2.1
[1m[32m  Downloaded[0m idna_adapter v1.2.2
[1m[32m  Downloaded[0m httpdate v1.0.3
[1m[32m  Downloaded[0m signature v2.2.0
[1m[32m  Downloaded[0m ref-cast v1.0.26
[1m[32m  Downloaded[0m serde_derive v1.0.229
[1m[32m  Downloaded[0m mime v0.3.17
[1m[32m  Downloaded[0m itoa v1.0.18
[1m[32m  Downloaded[0m heck v0.5.0
[1m[32m  Downloaded[0m rpassword v7.5.4
[1m[32m  Downloaded[0m num-iter v0.1.46
[1m[32m  Downloaded[0m futures-core v0.3.33
[1m[32m  Downloaded[0m rtoolbox v0.0.5
[1m[32m  Downloaded[0m futures-sink v0.3.33
[1m[32m  Downloaded[0m foldhash v0.1.5
[1m[32m  Downloaded[0m rand v0.8.7
[1m[32m  Downloaded[0m proc-macro2 v1.0.107
[1m[32m  Downloaded[0m home v0.5.12
[1m[32m  Downloaded[0m dyn-clone v1.0.20
[1m[32m  Downloaded[0m cpufeatures v0.2.17
[1m[32m  Downloaded[0m cfg-if v1.0.4
[1m[32m  Downloaded[0m ppv-lite86 v0.2.21
[1m[32m  Downloaded[0m pkg-config v0.3.33
[1m[32m  Downloaded[0m crc-catalog v2.5.0
[1m[32m  Downloaded[0m crc v3.4.0
[1m[32m  Downloaded[0m block-buffer v0.10.4
[1m[32m  Downloaded[0m axum v0.8.9
[1m[32m  Downloaded[0m potential_utf v0.1.5
[1m[32m  Downloaded[0m percent-encoding v2.3.2
[1m[32m  Downloaded[0m form_urlencoded v1.2.2
[1m[32m  Downloaded[0m errno v0.3.14
[1m[32m  Downloaded[0m crossbeam-queue v0.3.13
[1m[32m  Downloaded[0m argon2 v0.5.3
[1m[32m  Downloaded[0m allocator-api2 v0.2.21
[1m[32m  Downloaded[0m autocfg v1.5.1
[1m[32m  Downloaded[0m async-trait v0.1.91
[1m[32m  Downloaded[0m libsqlite3-sys v0.30.1
[1m[32m   Compiling[0m proc-macro2 v1.0.107
[1m[32m   Compiling[0m unicode-ident v1.0.24
[1m[32m   Compiling[0m quote v1.0.47
[1m[32m   Compiling[0m libc v0.2.189
[1m[32m   Compiling[0m serde v1.0.229
[1m[32m   Compiling[0m serde_core v1.0.229
[1m[32m   Compiling[0m version_check v0.9.5
[1m[32m   Compiling[0m generic-array v0.14.7
[1m[32m    Checking[0m cfg-if v1.0.4
[1m[32m   Compiling[0m parking_lot_core v0.9.12
[1m[32m   Compiling[0m syn v3.0.3
[1m[32m   Compiling[0m syn v2.0.119
[1m[32m   Compiling[0m autocfg v1.5.1
[1m[32m   Compiling[0m icu_normalizer_data v2.2.0
[1m[32m   Compiling[0m stable_deref_trait v1.2.1
[1m[32m   Compiling[0m icu_properties_data v2.2.0
[1m[32m   Compiling[0m num-traits v0.2.19
[1m[32m   Compiling[0m shlex v2.0.1
[1m[32m   Compiling[0m find-msvc-tools v0.1.9
[1m[32m   Compiling[0m cc v1.4.0
[1m[32m    Checking[0m itoa v1.0.18
[1m[32m   Compiling[0m ring v0.17.14
[1m[32m    Checking[0m pin-project-lite v0.2.17
[1m[32m   Compiling[0m zmij v1.0.23
[1m[32m   Compiling[0m synstructure v0.13.2
[1m[32m   Compiling[0m serde_derive v1.0.229
[1m[32m   Compiling[0m displaydoc v0.2.7
[1m[32m    Checking[0m bytes v1.12.1
[1m[32m   Compiling[0m zerofrom-derive v0.1.7
[1m[32m   Compiling[0m yoke-derive v0.8.2
[1m[32m   Compiling[0m zerovec-derive v0.11.3
[1m[32m   Compiling[0m zerofrom v0.1.8
[1m[32m   Compiling[0m yoke v0.8.3
[1m[32m   Compiling[0m zerocopy v0.8.55
[1m[32m    Checking[0m futures-core v0.3.33
[1m[32m    Checking[0m smallvec v1.15.2
[1m[32m    Checking[0m typenum v1.20.1
[1m[32m   Compiling[0m zerovec v0.11.6
[1m[32m   Compiling[0m tinystr v0.8.3
[1m[32m   Compiling[0m tracing-attributes v0.1.31
[1m[32m   Compiling[0m litemap v0.8.2
[1m[32m    Checking[0m scopeguard v1.2.0
[1m[32m   Compiling[0m writeable v0.6.3
[1m[32m    Checking[0m subtle v2.6.1
[1m[32m   Compiling[0m crossbeam-utils v0.8.22
[1m[32m   Compiling[0m thiserror v2.0.19
[1m[32m   Compiling[0m icu_locale_core v2.2.0
[1m[32m    Checking[0m lock_api v0.4.14
[1m[32m   Compiling[0m potential_utf v0.1.5
[1m[32m   Compiling[0m zerotrie v0.2.4
[1m[32m   Compiling[0m thiserror-impl v2.0.19
[1m[32m   Compiling[0m getrandom v0.2.17
[1m[32m   Compiling[0m utf8_iter v1.0.4
[1m[32m   Compiling[0m icu_collections v2.2.0
[1m[32m   Compiling[0m icu_provider v2.2.0
[1m[32m    Checking[0m parking_lot v0.12.5
[1m[32m   Compiling[0m crypto-common v0.1.7
[1m[32m   Compiling[0m block-buffer v0.10.4
[1m[32m    Checking[0m errno v0.3.14
[1m[32m   Compiling[0m zeroize v1.9.0
[1m[32m   Compiling[0m rustls v0.23.43
[1m[32m   Compiling[0m rustls-pki-types v1.15.1
[1m[32m    Checking[0m signal-hook-registry v1.4.8
[1m[32m    Checking[0m digest v0.10.7
[1m[32m   Compiling[0m tokio-macros v2.7.2
[1m[32m    Checking[0m mio v1.2.2
[1m[32m    Checking[0m socket2 v0.6.5
[1m[32m    Checking[0m futures-sink v0.3.33
[1m[32m    Checking[0m memchr v2.8.3
[1m[32m    Checking[0m once_cell v1.21.4
[1m[32m   Compiling[0m icu_normalizer v2.2.0
[1m[32m    Checking[0m tokio v1.53.1
[1m[32m   Compiling[0m icu_properties v2.2.0
[1m[32m   Compiling[0m untrusted v0.9.0
[1m[32m   Compiling[0m equivalent v1.0.2
[1m[32m   Compiling[0m serde_json v1.0.151
[1m[32m   Compiling[0m idna_adapter v1.2.2
[1m[32m    Checking[0m tracing-core v0.1.36
[1m[32m    Checking[0m http v1.5.0
[1m[32m    Checking[0m iana-time-zone v0.1.65
[1m[32m    Checking[0m percent-encoding v2.3.2
[1m[32m   Compiling[0m getrandom v0.4.3
[1m[32m    Checking[0m log v0.4.33
[1m[32m   Compiling[0m allocator-api2 v0.2.21
[1m[32m   Compiling[0m tinyvec_macros v0.1.1
[1m[32m   Compiling[0m foldhash v0.1.5
[1m[32m   Compiling[0m hashbrown v0.15.5
[1m[32m   Compiling[0m form_urlencoded v1.2.2
[1m[32m   Compiling[0m tinyvec v1.12.0
[1m[32m    Checking[0m tracing v0.1.44
[1m[32m    Checking[0m chrono v0.4.45
[1m[32m   Compiling[0m ppv-lite86 v0.2.21
[1m[32m   Compiling[0m rustls-webpki v0.103.13
[1m[32m   Compiling[0m idna v1.1.0
[1m[32m   Compiling[0m webpki-roots v1.0.9
[1m[32m    Checking[0m rand_core v0.6.4
[1m[32m    Checking[0m slab v0.4.12
[1m[32m   Compiling[0m parking v2.2.1
[1m[32m   Compiling[0m futures-io v0.3.33
[1m[32m   Compiling[0m crc-catalog v2.5.0
[1m[32m    Checking[0m futures-task v0.3.33
[1m[32m   Compiling[0m cpufeatures v0.2.17
[1m[32m   Compiling[0m hashbrown v0.17.1
[1m[32m    Checking[0m futures-util v0.3.33
[1m[32m   Compiling[0m indexmap v2.14.0
[1m[32m   Compiling[0m tokio-stream v0.1.19
[1m[32m   Compiling[0m sha2 v0.10.9
[1m[32m   Compiling[0m crc v3.4.0
[1m[32m   Compiling[0m event-listener v5.4.2
[1m[32m   Compiling[0m crossbeam-queue v0.3.13
[1m[32m   Compiling[0m rand_chacha v0.3.1
[1m[32m   Compiling[0m webpki-roots v0.26.11
[1m[32m   Compiling[0m url v2.5.8
[1m[32m   Compiling[0m futures-intrusive v0.5.0
[1m[32m   Compiling[0m hashlink v0.10.0
[1m[32m   Compiling[0m unicode-normalization v0.1.25
[1m[32m    Checking[0m http-body v1.1.0
[1m[32m    Checking[0m futures-channel v0.3.33
[1m[32m   Compiling[0m hmac v0.12.1
[1m[32m   Compiling[0m either v1.17.0
[1m[32m    Checking[0m sha1_smol v1.0.1
[1m[32m   Compiling[0m httparse v1.10.1
[1m[32m   Compiling[0m unicode-bidi v0.3.18
[1m[32m   Compiling[0m base64 v0.22.1
[1m[32m    Checking[0m tower-service v0.3.3
[1m[32m   Compiling[0m unicode-properties v0.1.4
[1m[32m   Compiling[0m uuid v1.24.0
[1m[32m   Compiling[0m stringprep v0.1.5
[1m[32m   Compiling[0m hkdf v0.12.4
[1m[32m   Compiling[0m rand v0.8.7
[1m[32m   Compiling[0m sqlx-core v0.8.6
[1m[32m   Compiling[0m atoi v2.0.0
[1m[32m   Compiling[0m md-5 v0.10.6
[1m[32m   Compiling[0m ref-cast v1.0.26
[1m[32m   Compiling[0m byteorder v1.5.0
[1m[32m   Compiling[0m home v0.5.12
[1m[32m   Compiling[0m whoami v1.6.1
[1m[32m    Checking[0m tower-layer v0.3.3
[1m[32m   Compiling[0m hex v0.4.3
[1m[32m   Compiling[0m dotenvy v0.15.7
[1m[32m   Compiling[0m bitflags v2.13.1
[1m[32m   Compiling[0m sqlx-postgres v0.8.6
[1m[32m   Compiling[0m ref-cast-impl v1.0.26
[1m[32m   Compiling[0m serde_derive_internals v0.30.0
[1m[32m   Compiling[0m termcolor v1.4.1
[1m[32m    Checking[0m atomic-waker v1.1.2
[1m[32m   Compiling[0m heck v0.5.0
[1m[32m    Checking[0m httpdate v1.0.3
[1m[32m    Checking[0m sync_wrapper v1.0.2
[1m[32m    Checking[0m hyper v1.11.0
[1m[32m   Compiling[0m schemars_derive v1.2.2
[1m[32m   Compiling[0m ts-rs-macros v11.1.0
[1m[32m   Compiling[0m sqlx-macros-core v0.8.6
[1m[32m    Checking[0m http-body-util v0.1.4
[1m[32m    Checking[0m ryu v1.0.23
[1m[32m    Checking[0m mime v0.3.17
[1m[32m    Checking[0m base64ct v1.8.3
[1m[32m    Checking[0m dyn-clone v1.0.20
[1m[32m    Checking[0m schemars v1.2.2
[1m[32m    Checking[0m password-hash v0.5.0
[1m[32m    Checking[0m axum-core v0.5.6
[1m[32m    Checking[0m serde_urlencoded v0.7.1
[1m[32m   Compiling[0m sqlx-macros v0.8.6
[1m[32m    Checking[0m ts-rs v11.1.0
[1m[32m    Checking[0m hyper-util v0.1.20
[1m[32m    Checking[0m tower v0.5.3
[1m[32m    Checking[0m blake2 v0.10.6
[1m[32m   Compiling[0m axum-macros v0.5.1
[1m[32m    Checking[0m serde_path_to_error v0.1.20
[1m[32m    Checking[0m rtoolbox v0.0.5
[1m[32m    Checking[0m matchit v0.8.4
[1m[32m    Checking[0m rpassword v7.5.4
[1m[32m    Checking[0m argon2 v0.5.3
[1m[32m    Checking[0m lifetrace-contracts v0.1.0 (/home/runner/work/LifeTrace/LifeTrace/crates/lifetrace-contracts)
[1m[32m    Checking[0m sqlx v0.8.6
[1m[32m    Checking[0m tower-http v0.6.11
[1m[32m   Compiling[0m async-trait v0.1.91
[1m[32m    Checking[0m ipnet v2.12.1
[1m[32m    Checking[0m axum v0.8.9
[1m[32m    Checking[0m lifetrace-cloud v0.1.0 (/home/runner/work/LifeTrace/LifeTrace/services/lifetrace-cloud)
[0m[1m[38;5;9merror[E0277][0m[0m[1m: the trait bound `fn(State<AppState>, ..., ..., ...) -> ... {register}: Handler<_, _>` is not satisfied[0m
[0m   [0m[0m[1m[38;5;12m--> [0m[0msrc/routes/auth.rs:19:46[0m
[0m    [0m[0m[1m[38;5;12m|[0m
[0m[1m[38;5;12m19[0m[0m  [0m[0m[1m[38;5;12m|[0m[0m [0m[0m        .route("/api/v1/auth/register", post(register))[0m
[0m    [0m[0m[1m[38;5;12m|[0m[0m                                         [0m[0m[1m[38;5;12m----[0m[0m [0m[0m[1m[38;5;9m^^^^^^^^[0m[0m [0m[0m[1m[38;5;9mthe trait `Handler<_, _>` is not implemented for fn item `fn(State<AppState>, Option<...>, ..., ...) -> ... {register}`[0m
[0m    [0m[0m[1m[38;5;12m|[0m[0m                                         [0m[0m[1m[38;5;12m|[0m
[0m    [0m[0m[1m[38;5;12m|[0m[0m                                         [0m[0m[1m[38;5;12mrequired by a bound introduced by this call[0m
[0m    [0m[0m[1m[38;5;12m|[0m
[0m    [0m[0m[1m[38;5;12m= [0m[0m[1mnote[0m[0m: Consider using `#[axum::debug_handler]` to improve the error message[0m
[0m[1m[38;5;10mnote[0m[0m: required by a bound in `post`[0m
[0m   [0m[0m[1m[38;5;12m--> [0m[0m/home/runner/.cargo/registry/src/index.crates.io-1949cf8c6b5b557f/axum-0.8.9/src/routing/method_routing.rs:445:1[0m
[0m    [0m[0m[1m[38;5;12m|[0m
[0m[1m[38;5;12m445[0m[0m [0m[0m[1m[38;5;12m|[0m[0m [0m[0mtop_level_handler_fn!(post, POST);[0m
[0m    [0m[0m[1m[38;5;12m|[0m[0m [0m[0m[1m[38;5;10m^^^^^^^^^^^^^^^^^^^^^^[0m[0m[1m[38;5;12m----[0m[0m[1m[38;5;10m^^^^^^^[0m
[0m    [0m[0m[1m[38;5;12m|[0m[0m [0m[0m[1m[38;5;10m|[0m[0m                     [0m[0m[1m[38;5;12m|[0m
[0m    [0m[0m[1m[38;5;12m|[0m[0m [0m[0m[1m[38;5;10m|[0m[0m                     [0m[0m[1m[38;5;12mrequired by a bound in this function[0m
[0m    [0m[0m[1m[38;5;12m|[0m[0m [0m[0m[1m[38;5;10mrequired by this bound in `post`[0m
[0m    [0m[0m[1m[38;5;12m= [0m[0m[1mnote[0m[0m: the full name for the type has been written to '/home/runner/work/LifeTrace/LifeTrace/services/lifetrace-cloud/target/debug/deps/lifetrace_cloud-c24716651b91c068.long-type-4376452304122646997.txt'[0m
[0m    [0m[0m[1m[38;5;12m= [0m[0m[1mnote[0m[0m: consider using `--verbose` to print the full type name to the console[0m
[0m    [0m[0m[1m[38;5;12m= [0m[0m[1mnote[0m[0m: this error originates in the macro `top_level_handler_fn` (in Nightly builds, run with -Z macro-backtrace for more info)[0m

[0m[1m[38;5;9merror[E0277][0m[0m[1m: the trait bound `fn(State<AppState>, ..., ..., ...) -> ... {login}: Handler<_, _>` is not satisfied[0m
[0m   [0m[0m[1m[38;5;12m--> [0m[0msrc/routes/auth.rs:20:43[0m
[0m    [0m[0m[1m[38;5;12m|[0m
[0m[1m[38;5;12m20[0m[0m  [0m[0m[1m[38;5;12m|[0m[0m [0m[0m        .route("/api/v1/auth/login", post(login))[0m
[0m    [0m[0m[1m[38;5;12m|[0m[0m                                      [0m[0m[1m[38;5;12m----[0m[0m [0m[0m[1m[38;5;9m^^^^^[0m[0m [0m[0m[1m[38;5;9mthe trait `Handler<_, _>` is not implemented for fn item `fn(State<AppState>, Option<ConnectInfo<...>>, ..., ...) -> ... {login}`[0m
[0m    [0m[0m[1m[38;5;12m|[0m[0m                                      [0m[0m[1m[38;5;12m|[0m
[0m    [0m[0m[1m[38;5;12m|[0m[0m                                      [0m[0m[1m[38;5;12mrequired by a bound introduced by this call[0m
[0m    [0m[0m[1m[38;5;12m|[0m
[0m    [0m[0m[1m[38;5;12m= [0m[0m[1mnote[0m[0m: Consider using `#[axum::debug_handler]` to improve the error message[0m
[0m[1m[38;5;10mnote[0m[0m: required by a bound in `post`[0m
[0m   [0m[0m[1m[38;5;12m--> [0m[0m/home/runner/.cargo/registry/src/index.crates.io-1949cf8c6b5b557f/axum-0.8.9/src/routing/method_routing.rs:445:1[0m
[0m    [0m[0m[1m[38;5;12m|[0m
[0m[1m[38;5;12m445[0m[0m [0m[0m[1m[38;5;12m|[0m[0m [0m[0mtop_level_handler_fn!(post, POST);[0m
[0m    [0m[0m[1m[38;5;12m|[0m[0m [0m[0m[1m[38;5;10m^^^^^^^^^^^^^^^^^^^^^^[0m[0m[1m[38;5;12m----[0m[0m[1m[38;5;10m^^^^^^^[0m
[0m    [0m[0m[1m[38;5;12m|[0m[0m [0m[0m[1m[38;5;10m|[0m[0m                     [0m[0m[1m[38;5;12m|[0m
[0m    [0m[0m[1m[38;5;12m|[0m[0m [0m[0m[1m[38;5;10m|[0m[0m                     [0m[0m[1m[38;5;12mrequired by a bound in this function[0m
[0m    [0m[0m[1m[38;5;12m|[0m[0m [0m[0m[1m[38;5;10mrequired by this bound in `post`[0m
[0m    [0m[0m[1m[38;5;12m= [0m[0m[1mnote[0m[0m: the full name for the type has been written to '/home/runner/work/LifeTrace/LifeTrace/services/lifetrace-cloud/target/debug/deps/lifetrace_cloud-c24716651b91c068.long-type-7450690991836523232.txt'[0m
[0m    [0m[0m[1m[38;5;12m= [0m[0m[1mnote[0m[0m: consider using `--verbose` to print the full type name to the console[0m
[0m    [0m[0m[1m[38;5;12m= [0m[0m[1mnote[0m[0m: this error originates in the macro `top_level_handler_fn` (in Nightly builds, run with -Z macro-backtrace for more info)[0m

[0m[1m[38;5;9merror[E0277][0m[0m[1m: the trait bound `fn(State<AppState>, ..., ..., ...) -> ... {refresh}: Handler<_, _>` is not satisfied[0m
[0m   [0m[0m[1m[38;5;12m--> [0m[0msrc/routes/auth.rs:21:45[0m
[0m    [0m[0m[1m[38;5;12m|[0m
[0m[1m[38;5;12m21[0m[0m  [0m[0m[1m[38;5;12m|[0m[0m [0m[0m        .route("/api/v1/auth/refresh", post(refresh))[0m
[0m    [0m[0m[1m[38;5;12m|[0m[0m                                        [0m[0m[1m[38;5;12m----[0m[0m [0m[0m[1m[38;5;9m^^^^^^^[0m[0m [0m[0m[1m[38;5;9mthe trait `Handler<_, _>` is not implemented for fn item `fn(State<AppState>, Option<...>, ..., ...) -> ... {refresh}`[0m
[0m    [0m[0m[1m[38;5;12m|[0m[0m                                        [0m[0m[1m[38;5;12m|[0m
[0m    [0m[0m[1m[38;5;12m|[0m[0m                                        [0m[0m[1m[38;5;12mrequired by a bound introduced by this call[0m
[0m    [0m[0m[1m[38;5;12m|[0m
[0m    [0m[0m[1m[38;5;12m= [0m[0m[1mnote[0m[0m: Consider using `#[axum::debug_handler]` to improve the error message[0m
[0m[1m[38;5;10mnote[0m[0m: required by a bound in `post`[0m
[0m   [0m[0m[1m[38;5;12m--> [0m[0m/home/runner/.cargo/registry/src/index.crates.io-1949cf8c6b5b557f/axum-0.8.9/src/routing/method_routing.rs:445:1[0m
[0m    [0m[0m[1m[38;5;12m|[0m
[0m[1m[38;5;12m445[0m[0m [0m[0m[1m[38;5;12m|[0m[0m [0m[0mtop_level_handler_fn!(post, POST);[0m
[0m    [0m[0m[1m[38;5;12m|[0m[0m [0m[0m[1m[38;5;10m^^^^^^^^^^^^^^^^^^^^^^[0m[0m[1m[38;5;12m----[0m[0m[1m[38;5;10m^^^^^^^[0m
[0m    [0m[0m[1m[38;5;12m|[0m[0m [0m[0m[1m[38;5;10m|[0m[0m                     [0m[0m[1m[38;5;12m|[0m
[0m    [0m[0m[1m[38;5;12m|[0m[0m [0m[0m[1m[38;5;10m|[0m[0m                     [0m[0m[1m[38;5;12mrequired by a bound in this function[0m
[0m    [0m[0m[1m[38;5;12m|[0m[0m [0m[0m[1m[38;5;10mrequired by this bound in `post`[0m
[0m    [0m[0m[1m[38;5;12m= [0m[0m[1mnote[0m[0m: the full name for the type has been written to '/home/runner/work/LifeTrace/LifeTrace/services/lifetrace-cloud/target/debug/deps/lifetrace_cloud-c24716651b91c068.long-type-15855006634899452516.txt'[0m
[0m    [0m[0m[1m[38;5;12m= [0m[0m[1mnote[0m[0m: consider using `--verbose` to print the full type name to the console[0m
[0m    [0m[0m[1m[38;5;12m= [0m[0m[1mnote[0m[0m: this error originates in the macro `top_level_handler_fn` (in Nightly builds, run with -Z macro-backtrace for more info)[0m

[0m[1m[38;5;9merror[E0277][0m[0m[1m: the trait bound `fn(State<...>, ..., ..., ...) -> ... {forgot_password}: Handler<_, _>` is not satisfied[0m
[0m   [0m[0m[1m[38;5;12m--> [0m[0msrc/routes/auth.rs:22:53[0m
[0m    [0m[0m[1m[38;5;12m|[0m
[0m[1m[38;5;12m22[0m[0m  [0m[0m[1m[38;5;12m|[0m[0m [0m[0m        .route("/api/v1/auth/password/forgot", post(forgot_password))[0m
[0m    [0m[0m[1m[38;5;12m|[0m[0m                                                [0m[0m[1m[38;5;12m----[0m[0m [0m[0m[1m[38;5;9m^^^^^^^^^^^^^^^[0m[0m [0m[0m[1m[38;5;9mthe trait `Handler<_, _>` is not implemented for fn item `fn(State<AppState>, Option<...>, ..., ...) -> ... {forgot_password}`[0m
[0m    [0m[0m[1m[38;5;12m|[0m[0m                                                [0m[0m[1m[38;5;12m|[0m
[0m    [0m[0m[1m[38;5;12m|[0m[0m                                                [0m[0m[1m[38;5;12mrequired by a bound introduced by this call[0m
[0m    [0m[0m[1m[38;5;12m|[0m
[0m    [0m[0m[1m[38;5;12m= [0m[0m[1mnote[0m[0m: Consider using `#[axum::debug_handler]` to improve the error message[0m
[0m[1m[38;5;10mnote[0m[0m: required by a bound in `post`[0m
[0m   [0m[0m[1m[38;5;12m--> [0m[0m/home/runner/.cargo/registry/src/index.crates.io-1949cf8c6b5b557f/axum-0.8.9/src/routing/method_routing.rs:445:1[0m
[0m    [0m[0m[1m[38;5;12m|[0m
[0m[1m[38;5;12m445[0m[0m [0m[0m[1m[38;5;12m|[0m[0m [0m[0mtop_level_handler_fn!(post, POST);[0m
[0m    [0m[0m[1m[38;5;12m|[0m[0m [0m[0m[1m[38;5;10m^^^^^^^^^^^^^^^^^^^^^^[0m[0m[1m[38;5;12m----[0m[0m[1m[38;5;10m^^^^^^^[0m
[0m    [0m[0m[1m[38;5;12m|[0m[0m [0m[0m[1m[38;5;10m|[0m[0m                     [0m[0m[1m[38;5;12m|[0m
[0m    [0m[0m[1m[38;5;12m|[0m[0m [0m[0m[1m[38;5;10m|[0m[0m                     [0m[0m[1m[38;5;12mrequired by a bound in this function[0m
[0m    [0m[0m[1m[38;5;12m|[0m[0m [0m[0m[1m[38;5;10mrequired by this bound in `post`[0m
[0m    [0m[0m[1m[38;5;12m= [0m[0m[1mnote[0m[0m: the full name for the type has been written to '/home/runner/work/LifeTrace/LifeTrace/services/lifetrace-cloud/target/debug/deps/lifetrace_cloud-c24716651b91c068.long-type-611579929165452404.txt'[0m
[0m    [0m[0m[1m[38;5;12m= [0m[0m[1mnote[0m[0m: consider using `--verbose` to print the full type name to the console[0m
[0m    [0m[0m[1m[38;5;12m= [0m[0m[1mnote[0m[0m: this error originates in the macro `top_level_handler_fn` (in Nightly builds, run with -Z macro-backtrace for more info)[0m

[0m[1m[38;5;9merror[E0277][0m[0m[1m: the trait bound `fn(State<...>, ..., ..., ...) -> ... {reset_password}: Handler<_, _>` is not satisfied[0m
[0m   [0m[0m[1m[38;5;12m--> [0m[0msrc/routes/auth.rs:23:52[0m
[0m    [0m[0m[1m[38;5;12m|[0m
[0m[1m[38;5;12m23[0m[0m  [0m[0m[1m[38;5;12m|[0m[0m [0m[0m        .route("/api/v1/auth/password/reset", post(reset_password))[0m
[0m    [0m[0m[1m[38;5;12m|[0m[0m                                               [0m[0m[1m[38;5;12m----[0m[0m [0m[0m[1m[38;5;9m^^^^^^^^^^^^^^[0m[0m [0m[0m[1m[38;5;9mthe trait `Handler<_, _>` is not implemented for fn item `fn(State<AppState>, Option<...>, ..., ...) -> ... {reset_password}`[0m
[0m    [0m[0m[1m[38;5;12m|[0m[0m                                               [0m[0m[1m[38;5;12m|[0m
[0m    [0m[0m[1m[38;5;12m|[0m[0m                                               [0m[0m[1m[38;5;12mrequired by a bound introduced by this call[0m
[0m    [0m[0m[1m[38;5;12m|[0m
[0m    [0m[0m[1m[38;5;12m= [0m[0m[1mnote[0m[0m: Consider using `#[axum::debug_handler]` to improve the error message[0m
[0m[1m[38;5;10mnote[0m[0m: required by a bound in `post`[0m
[0m   [0m[0m[1m[38;5;12m--> [0m[0m/home/runner/.cargo/registry/src/index.crates.io-1949cf8c6b5b557f/axum-0.8.9/src/routing/method_routing.rs:445:1[0m
[0m    [0m[0m[1m[38;5;12m|[0m
[0m[1m[38;5;12m445[0m[0m [0m[0m[1m[38;5;12m|[0m[0m [0m[0mtop_level_handler_fn!(post, POST);[0m
[0m    [0m[0m[1m[38;5;12m|[0m[0m [0m[0m[1m[38;5;10m^^^^^^^^^^^^^^^^^^^^^^[0m[0m[1m[38;5;12m----[0m[0m[1m[38;5;10m^^^^^^^[0m
[0m    [0m[0m[1m[38;5;12m|[0m[0m [0m[0m[1m[38;5;10m|[0m[0m                     [0m[0m[1m[38;5;12m|[0m
[0m    [0m[0m[1m[38;5;12m|[0m[0m [0m[0m[1m[38;5;10m|[0m[0m                     [0m[0m[1m[38;5;12mrequired by a bound in this function[0m
[0m    [0m[0m[1m[38;5;12m|[0m[0m [0m[0m[1m[38;5;10mrequired by this bound in `post`[0m
[0m    [0m[0m[1m[38;5;12m= [0m[0m[1mnote[0m[0m: the full name for the type has been written to '/home/runner/work/LifeTrace/LifeTrace/services/lifetrace-cloud/target/debug/deps/lifetrace_cloud-c24716651b91c068.long-type-6602046277936790702.txt'[0m
[0m    [0m[0m[1m[38;5;12m= [0m[0m[1mnote[0m[0m: consider using `--verbose` to print the full type name to the console[0m
[0m    [0m[0m[1m[38;5;12m= [0m[0m[1mnote[0m[0m: this error originates in the macro `top_level_handler_fn` (in Nightly builds, run with -Z macro-backtrace for more info)[0m

[0m[1m[38;5;9merror[E0277][0m[0m[1m: the trait bound `fn(State<AppState>, ..., ..., ...) -> ... {logout}: Handler<_, _>` is not satisfied[0m
[0m   [0m[0m[1m[38;5;12m--> [0m[0msrc/routes/auth.rs:25:44[0m
[0m    [0m[0m[1m[38;5;12m|[0m
[0m[1m[38;5;12m25[0m[0m  [0m[0m[1m[38;5;12m|[0m[0m [0m[0m        .route("/api/v1/auth/logout", post(logout))[0m
[0m    [0m[0m[1m[38;5;12m|[0m[0m                                       [0m[0m[1m[38;5;12m----[0m[0m [0m[0m[1m[38;5;9m^^^^^^[0m[0m [0m[0m[1m[38;5;9mthe trait `Handler<_, _>` is not implemented for fn item `fn(State<AppState>, AuthenticatedPrincipal, ..., ...) -> ... {logout}`[0m
[0m    [0m[0m[1m[38;5;12m|[0m[0m                                       [0m[0m[1m[38;5;12m|[0m
[0m    [0m[0m[1m[38;5;12m|[0m[0m                                       [0m[0m[1m[38;5;12mrequired by a bound introduced by this call[0m
[0m    [0m[0m[1m[38;5;12m|[0m
[0m    [0m[0m[1m[38;5;12m= [0m[0m[1mnote[0m[0m: Consider using `#[axum::debug_handler]` to improve the error message[0m
[0m[1m[38;5;10mnote[0m[0m: required by a bound in `post`[0m
[0m   [0m[0m[1m[38;5;12m--> [0m[0m/home/runner/.cargo/registry/src/index.crates.io-1949cf8c6b5b557f/axum-0.8.9/src/routing/method_routing.rs:445:1[0m
[0m    [0m[0m[1m[38;5;12m|[0m
[0m[1m[38;5;12m445[0m[0m [0m[0m[1m[38;5;12m|[0m[0m [0m[0mtop_level_handler_fn!(post, POST);[0m
[0m    [0m[0m[1m[38;5;12m|[0m[0m [0m[0m[1m[38;5;10m^^^^^^^^^^^^^^^^^^^^^^[0m[0m[1m[38;5;12m----[0m[0m[1m[38;5;10m^^^^^^^[0m
[0m    [0m[0m[1m[38;5;12m|[0m[0m [0m[0m[1m[38;5;10m|[0m[0m                     [0m[0m[1m[38;5;12m|[0m
[0m    [0m[0m[1m[38;5;12m|[0m[0m [0m[0m[1m[38;5;10m|[0m[0m                     [0m[0m[1m[38;5;12mrequired by a bound in this function[0m
[0m    [0m[0m[1m[38;5;12m|[0m[0m [0m[0m[1m[38;5;10mrequired by this bound in `post`[0m
[0m    [0m[0m[1m[38;5;12m= [0m[0m[1mnote[0m[0m: the full name for the type has been written to '/home/runner/work/LifeTrace/LifeTrace/services/lifetrace-cloud/target/debug/deps/lifetrace_cloud-c24716651b91c068.long-type-14070522483177674762.txt'[0m
[0m    [0m[0m[1m[38;5;12m= [0m[0m[1mnote[0m[0m: consider using `--verbose` to print the full type name to the console[0m
[0m    [0m[0m[1m[38;5;12m= [0m[0m[1mnote[0m[0m: this error originates in the macro `top_level_handler_fn` (in Nightly builds, run with -Z macro-backtrace for more info)[0m

[0m[1m[38;5;9merror[E0277][0m[0m[1m: the trait bound `fn(State<AppState>, ..., ..., ...) -> ... {logout_all}: Handler<_, _>` is not satisfied[0m
[0m   [0m[0m[1m[38;5;12m--> [0m[0msrc/routes/auth.rs:26:48[0m
[0m    [0m[0m[1m[38;5;12m|[0m
[0m[1m[38;5;12m26[0m[0m  [0m[0m[1m[38;5;12m|[0m[0m [0m[0m        .route("/api/v1/auth/logout-all", post(logout_all))[0m
[0m    [0m[0m[1m[38;5;12m|[0m[0m                                           [0m[0m[1m[38;5;12m----[0m[0m [0m[0m[1m[38;5;9m^^^^^^^^^^[0m[0m [0m[0m[1m[38;5;9mthe trait `Handler<_, _>` is not implemented for fn item `fn(State<AppState>, ..., ..., ...) -> ... {logout_all}`[0m
[0m    [0m[0m[1m[38;5;12m|[0m[0m                                           [0m[0m[1m[38;5;12m|[0m
[0m    [0m[0m[1m[38;5;12m|[0m[0m                                           [0m[0m[1m[38;5;12mrequired by a bound introduced by this call[0m
[0m    [0m[0m[1m[38;5;12m|[0m
[0m    [0m[0m[1m[38;5;12m= [0m[0m[1mnote[0m[0m: Consider using `#[axum::debug_handler]` to improve the error message[0m
[0m[1m[38;5;10mnote[0m[0m: required by a bound in `post`[0m
[0m   [0m[0m[1m[38;5;12m--> [0m[0m/home/runner/.cargo/registry/src/index.crates.io-1949cf8c6b5b557f/axum-0.8.9/src/routing/method_routing.rs:445:1[0m
[0m    [0m[0m[1m[38;5;12m|[0m
[0m[1m[38;5;12m445[0m[0m [0m[0m[1m[38;5;12m|[0m[0m [0m[0mtop_level_handler_fn!(post, POST);[0m
[0m    [0m[0m[1m[38;5;12m|[0m[0m [0m[0m[1m[38;5;10m^^^^^^^^^^^^^^^^^^^^^^[0m[0m[1m[38;5;12m----[0m[0m[1m[38;5;10m^^^^^^^[0m
[0m    [0m[0m[1m[38;5;12m|[0m[0m [0m[0m[1m[38;5;10m|[0m[0m                     [0m[0m[1m[38;5;12m|[0m
[0m    [0m[0m[1m[38;5;12m|[0m[0m [0m[0m[1m[38;5;10m|[0m[0m                     [0m[0m[1m[38;5;12mrequired by a bound in this function[0m
[0m    [0m[0m[1m[38;5;12m|[0m[0m [0m[0m[1m[38;5;10mrequired by this bound in `post`[0m
[0m    [0m[0m[1m[38;5;12m= [0m[0m[1mnote[0m[0m: the full name for the type has been written to '/home/runner/work/LifeTrace/LifeTrace/services/lifetrace-cloud/target/debug/deps/lifetrace_cloud-c24716651b91c068.long-type-10475662426230327144.txt'[0m
[0m    [0m[0m[1m[38;5;12m= [0m[0m[1mnote[0m[0m: consider using `--verbose` to print the full type name to the console[0m
[0m    [0m[0m[1m[38;5;12m= [0m[0m[1mnote[0m[0m: this error originates in the macro `top_level_handler_fn` (in Nightly builds, run with -Z macro-backtrace for more info)[0m

[0m[1m[38;5;9merror[E0277][0m[0m[1m: the trait bound `fn(..., ..., ..., ..., ...) -> ... {change_password}: Handler<_, _>` is not satisfied[0m
[0m   [0m[0m[1m[38;5;12m--> [0m[0msrc/routes/auth.rs:27:53[0m
[0m    [0m[0m[1m[38;5;12m|[0m
[0m[1m[38;5;12m27[0m[0m  [0m[0m[1m[38;5;12m|[0m[0m [0m[0m        .route("/api/v1/auth/password/change", post(change_password))[0m
[0m    [0m[0m[1m[38;5;12m|[0m[0m                                                [0m[0m[1m[38;5;12m----[0m[0m [0m[0m[1m[38;5;9m^^^^^^^^^^^^^^^[0m[0m [0m[0m[1m[38;5;9mthe trait `Handler<_, _>` is not implemented for fn item `fn(State<AppState>, ..., ..., ..., ...) -> ... {change_password}`[0m
[0m    [0m[0m[1m[38;5;12m|[0m[0m                                                [0m[0m[1m[38;5;12m|[0m
[0m    [0m[0m[1m[38;5;12m|[0m[0m                                                [0m[0m[1m[38;5;12mrequired by a bound introduced by this call[0m
[0m    [0m[0m[1m[38;5;12m|[0m
[0m    [0m[0m[1m[38;5;12m= [0m[0m[1mnote[0m[0m: Consider using `#[axum::debug_handler]` to improve the error message[0m
[0m[1m[38;5;10mnote[0m[0m: required by a bound in `post`[0m
[0m   [0m[0m[1m[38;5;12m--> [0m[0m/home/runner/.cargo/registry/src/index.crates.io-1949cf8c6b5b557f/axum-0.8.9/src/routing/method_routing.rs:445:1[0m
[0m    [0m[0m[1m[38;5;12m|[0m
[0m[1m[38;5;12m445[0m[0m [0m[0m[1m[38;5;12m|[0m[0m [0m[0mtop_level_handler_fn!(post, POST);[0m
[0m    [0m[0m[1m[38;5;12m|[0m[0m [0m[0m[1m[38;5;10m^^^^^^^^^^^^^^^^^^^^^^[0m[0m[1m[38;5;12m----[0m[0m[1m[38;5;10m^^^^^^^[0m
[0m    [0m[0m[1m[38;5;12m|[0m[0m [0m[0m[1m[38;5;10m|[0m[0m                     [0m[0m[1m[38;5;12m|[0m
[0m    [0m[0m[1m[38;5;12m|[0m[0m [0m[0m[1m[38;5;10m|[0m[0m                     [0m[0m[1m[38;5;12mrequired by a bound in this function[0m
[0m    [0m[0m[1m[38;5;12m|[0m[0m [0m[0m[1m[38;5;10mrequired by this bound in `post`[0m
[0m    [0m[0m[1m[38;5;12m= [0m[0m[1mnote[0m[0m: the full name for the type has been written to '/home/runner/work/LifeTrace/LifeTrace/services/lifetrace-cloud/target/debug/deps/lifetrace_cloud-c24716651b91c068.long-type-1329023929260121582.txt'[0m
[0m    [0m[0m[1m[38;5;12m= [0m[0m[1mnote[0m[0m: consider using `--verbose` to print the full type name to the console[0m
[0m    [0m[0m[1m[38;5;12m= [0m[0m[1mnote[0m[0m: this error originates in the macro `top_level_handler_fn` (in Nightly builds, run with -Z macro-backtrace for more info)[0m

[0m[1m[38;5;9merror[E0277][0m[0m[1m: the trait bound `fn(..., ..., ..., ..., ...) -> ... {revoke_session}: Handler<_, _>` is not satisfied[0m
[0m   [0m[0m[1m[38;5;12m--> [0m[0msrc/routes/auth.rs:29:61[0m
[0m    [0m[0m[1m[38;5;12m|[0m
[0m[1m[38;5;12m29[0m[0m  [0m[0m[1m[38;5;12m|[0m[0m [0m[0m        .route("/api/v1/auth/sessions/{session_id}", delete(revoke_session))[0m
[0m    [0m[0m[1m[38;5;12m|[0m[0m                                                      [0m[0m[1m[38;5;12m------[0m[0m [0m[0m[1m[38;5;9m^^^^^^^^^^^^^^[0m[0m [0m[0m[1m[38;5;9mthe trait `Handler<_, _>` is not implemented for fn item `fn(State<AppState>, ..., ..., ..., ...) -> ... {revoke_session}`[0m
[0m    [0m[0m[1m[38;5;12m|[0m[0m                                                      [0m[0m[1m[38;5;12m|[0m
[0m    [0m[0m[1m[38;5;12m|[0m[0m                                                      [0m[0m[1m[38;5;12mrequired by a bound introduced by this call[0m
[0m    [0m[0m[1m[38;5;12m|[0m
[0m    [0m[0m[1m[38;5;12m= [0m[0m[1mnote[0m[0m: Consider using `#[axum::debug_handler]` to improve the error message[0m
[0m[1m[38;5;10mnote[0m[0m: required by a bound in `delete`[0m
[0m   [0m[0m[1m[38;5;12m--> [0m[0m/home/runner/.cargo/registry/src/index.crates.io-1949cf8c6b5b557f/axum-0.8.9/src/routing/method_routing.rs:440:1[0m
[0m    [0m[0m[1m[38;5;12m|[0m
[0m[1m[38;5;12m440[0m[0m [0m[0m[1m[38;5;12m|[0m[0m [0m[0mtop_level_handler_fn!(delete, DELETE);[0m
[0m    [0m[0m[1m[38;5;12m|[0m[0m [0m[0m[1m[38;5;10m^^^^^^^^^^^^^^^^^^^^^^[0m[0m[1m[38;5;12m------[0m[0m[1m[38;5;10m^^^^^^^^^[0m
[0m    [0m[0m[1m[38;5;12m|[0m[0m [0m[0m[1m[38;5;10m|[0m[0m                     [0m[0m[1m[38;5;12m|[0m
[0m    [0m[0m[1m[38;5;12m|[0m[0m [0m[0m[1m[38;5;10m|[0m[0m                     [0m[0m[1m[38;5;12mrequired by a bound in this function[0m
[0m    [0m[0m[1m[38;5;12m|[0m[0m [0m[0m[1m[38;5;10mrequired by this bound in `delete`[0m
[0m    [0m[0m[1m[38;5;12m= [0m[0m[1mnote[0m[0m: the full name for the type has been written to '/home/runner/work/LifeTrace/LifeTrace/services/lifetrace-cloud/target/debug/deps/lifetrace_cloud-c24716651b91c068.long-type-2397596676498314023.txt'[0m
[0m    [0m[0m[1m[38;5;12m= [0m[0m[1mnote[0m[0m: consider using `--verbose` to print the full type name to the console[0m
[0m    [0m[0m[1m[38;5;12m= [0m[0m[1mnote[0m[0m: this error originates in the macro `top_level_handler_fn` (in Nightly builds, run with -Z macro-backtrace for more info)[0m

[0m[1m[38;5;9merror[E0277][0m[0m[1m: the trait bound `fn(..., ..., ..., ..., ...) -> ... {revoke_device}: Handler<_, _>` is not satisfied[0m
[0m   [0m[0m[1m[38;5;12m--> [0m[0msrc/routes/auth.rs:32:64[0m
[0m    [0m[0m[1m[38;5;12m|[0m
[0m[1m[38;5;12m32[0m[0m  [0m[0m[1m[38;5;12m|[0m[0m [0m[0m        .route("/api/v1/auth/devices/{device_id}/revoke", post(revoke_device))[0m
[0m    [0m[0m[1m[38;5;12m|[0m[0m                                                           [0m[0m[1m[38;5;12m----[0m[0m [0m[0m[1m[38;5;9m^^^^^^^^^^^^^[0m[0m [0m[0m[1m[38;5;9mthe trait `Handler<_, _>` is not implemented for fn item `fn(State<AppState>, ..., ..., ..., ...) -> ... {revoke_device}`[0m
[0m    [0m[0m[1m[38;5;12m|[0m[0m                                                           [0m[0m[1m[38;5;12m|[0m
[0m    [0m[0m[1m[38;5;12m|[0m[0m                                                           [0m[0m[1m[38;5;12mrequired by a bound introduced by this call[0m
[0m    [0m[0m[1m[38;5;12m|[0m
[0m    [0m[0m[1m[38;5;12m= [0m[0m[1mnote[0m[0m: Consider using `#[axum::debug_handler]` to improve the error message[0m
[0m[1m[38;5;10mnote[0m[0m: required by a bound in `post`[0m
[0m   [0m[0m[1m[38;5;12m--> [0m[0m/home/runner/.cargo/registry/src/index.crates.io-1949cf8c6b5b557f/axum-0.8.9/src/routing/method_routing.rs:445:1[0m
[0m    [0m[0m[1m[38;5;12m|[0m
[0m[1m[38;5;12m445[0m[0m [0m[0m[1m[38;5;12m|[0m[0m [0m[0mtop_level_handler_fn!(post, POST);[0m
[0m    [0m[0m[1m[38;5;12m|[0m[0m [0m[0m[1m[38;5;10m^^^^^^^^^^^^^^^^^^^^^^[0m[0m[1m[38;5;12m----[0m[0m[1m[38;5;10m^^^^^^^[0m
[0m    [0m[0m[1m[38;5;12m|[0m[0m [0m[0m[1m[38;5;10m|[0m[0m                     [0m[0m[1m[38;5;12m|[0m
[0m    [0m[0m[1m[38;5;12m|[0m[0m [0m[0m[1m[38;5;10m|[0m[0m                     [0m[0m[1m[38;5;12mrequired by a bound in this function[0m
[0m    [0m[0m[1m[38;5;12m|[0m[0m [0m[0m[1m[38;5;10mrequired by this bound in `post`[0m
[0m    [0m[0m[1m[38;5;12m= [0m[0m[1mnote[0m[0m: the full name for the type has been written to '/home/runner/work/LifeTrace/LifeTrace/services/lifetrace-cloud/target/debug/deps/lifetrace_cloud-c24716651b91c068.long-type-4238868170200635665.txt'[0m
[0m    [0m[0m[1m[38;5;12m= [0m[0m[1mnote[0m[0m: consider using `--verbose` to print the full type name to the console[0m
[0m    [0m[0m[1m[38;5;12m= [0m[0m[1mnote[0m[0m: this error originates in the macro `top_level_handler_fn` (in Nightly builds, run with -Z macro-backtrace for more info)[0m

[0m[1m[38;5;9merror[E0277][0m[0m[1m: the trait bound `fn(..., ..., ..., ..., ...) -> ... {revoke_device_group}: Handler<_, _>` is not satisfied[0m
[0m   [0m[0m[1m[38;5;12m--> [0m[0msrc/routes/auth.rs:35:18[0m
[0m    [0m[0m[1m[38;5;12m|[0m
[0m[1m[38;5;12m35[0m[0m  [0m[0m[1m[38;5;12m|[0m[0m [0m[0m            post(revoke_device_group),[0m
[0m    [0m[0m[1m[38;5;12m|[0m[0m             [0m[0m[1m[38;5;12m----[0m[0m [0m[0m[1m[38;5;9m^^^^^^^^^^^^^^^^^^^[0m[0m [0m[0m[1m[38;5;9mthe trait `Handler<_, _>` is not implemented for fn item `fn(State<AppState>, ..., ..., ..., ...) -> ... {revoke_device_group}`[0m
[0m    [0m[0m[1m[38;5;12m|[0m[0m             [0m[0m[1m[38;5;12m|[0m
[0m    [0m[0m[1m[38;5;12m|[0m[0m             [0m[0m[1m[38;5;12mrequired by a bound introduced by this call[0m
[0m    [0m[0m[1m[38;5;12m|[0m
[0m    [0m[0m[1m[38;5;12m= [0m[0m[1mnote[0m[0m: Consider using `#[axum::debug_handler]` to improve the error message[0m
[0m[1m[38;5;10mnote[0m[0m: required by a bound in `post`[0m
[0m   [0m[0m[1m[38;5;12m--> [0m[0m/home/runner/.cargo/registry/src/index.crates.io-1949cf8c6b5b557f/axum-0.8.9/src/routing/method_routing.rs:445:1[0m
[0m    [0m[0m[1m[38;5;12m|[0m
[0m[1m[38;5;12m445[0m[0m [0m[0m[1m[38;5;12m|[0m[0m [0m[0mtop_level_handler_fn!(post, POST);[0m
[0m    [0m[0m[1m[38;5;12m|[0m[0m [0m[0m[1m[38;5;10m^^^^^^^^^^^^^^^^^^^^^^[0m[0m[1m[38;5;12m----[0m[0m[1m[38;5;10m^^^^^^^[0m
[0m    [0m[0m[1m[38;5;12m|[0m[0m [0m[0m[1m[38;5;10m|[0m[0m                     [0m[0m[1m[38;5;12m|[0m
[0m    [0m[0m[1m[38;5;12m|[0m[0m [0m[0m[1m[38;5;10m|[0m[0m                     [0m[0m[1m[38;5;12mrequired by a bound in this function[0m
[0m    [0m[0m[1m[38;5;12m|[0m[0m [0m[0m[1m[38;5;10mrequired by this bound in `post`[0m
[0m    [0m[0m[1m[38;5;12m= [0m[0m[1mnote[0m[0m: the full name for the type has been written to '/home/runner/work/LifeTrace/LifeTrace/services/lifetrace-cloud/target/debug/deps/lifetrace_cloud-c24716651b91c068.long-type-1828613774818979756.txt'[0m
[0m    [0m[0m[1m[38;5;12m= [0m[0m[1mnote[0m[0m: consider using `--verbose` to print the full type name to the console[0m
[0m    [0m[0m[1m[38;5;12m= [0m[0m[1mnote[0m[0m: this error originates in the macro `top_level_handler_fn` (in Nightly builds, run with -Z macro-backtrace for more info)[0m

[0m[1m[38;5;9merror[E0277][0m[0m[1m: the trait bound `fn(..., ..., ..., ..., ..., ...) -> ... {update_grant}: Handler<_, _>` is not satisfied[0m
[0m   [0m[0m[1m[38;5;12m--> [0m[0msrc/routes/auth.rs:40:19[0m
[0m    [0m[0m[1m[38;5;12m|[0m
[0m[1m[38;5;12m40[0m[0m  [0m[0m[1m[38;5;12m|[0m[0m [0m[0m            patch(update_grant).delete(revoke_grant),[0m
[0m    [0m[0m[1m[38;5;12m|[0m[0m             [0m[0m[1m[38;5;12m-----[0m[0m [0m[0m[1m[38;5;9m^^^^^^^^^^^^[0m[0m [0m[0m[1m[38;5;9mthe trait `Handler<_, _>` is not implemented for fn item `fn(State<AppState>, ..., ..., ..., ..., ...) -> ... {update_grant}`[0m
[0m    [0m[0m[1m[38;5;12m|[0m[0m             [0m[0m[1m[38;5;12m|[0m
[0m    [0m[0m[1m[38;5;12m|[0m[0m             [0m[0m[1m[38;5;12mrequired by a bound introduced by this call[0m
[0m    [0m[0m[1m[38;5;12m|[0m
[0m    [0m[0m[1m[38;5;12m= [0m[0m[1mnote[0m[0m: Consider using `#[axum::debug_handler]` to improve the error message[0m
[0m[1m[38;5;10mnote[0m[0m: required by a bound in `patch`[0m
[0m   [0m[0m[1m[38;5;12m--> [0m[0m/home/runner/.cargo/registry/src/index.crates.io-1949cf8c6b5b557f/axum-0.8.9/src/routing/method_routing.rs:444:1[0m
[0m    [0m[0m[1m[38;5;12m|[0m
[0m[1m[38;5;12m444[0m[0m [0m[0m[1m[38;5;12m|[0m[0m [0m[0mtop_level_handler_fn!(patch, PATCH);[0m
[0m    [0m[0m[1m[38;5;12m|[0m[0m [0m[0m[1m[38;5;10m^^^^^^^^^^^^^^^^^^^^^^[0m[0m[1m[38;5;12m-----[0m[0m[1m[38;5;10m^^^^^^^^[0m
[0m    [0m[0m[1m[38;5;12m|[0m[0m [0m[0m[1m[38;5;10m|[0m[0m                     [0m[0m[1m[38;5;12m|[0m
[0m    [0m[0m[1m[38;5;12m|[0m[0m [0m[0m[1m[38;5;10m|[0m[0m                     [0m[0m[1m[38;5;12mrequired by a bound in this function[0m
[0m    [0m[0m[1m[38;5;12m|[0m[0m [0m[0m[1m[38;5;10mrequired by this bound in `patch`[0m
[0m    [0m[0m[1m[38;5;12m= [0m[0m[1mnote[0m[0m: the full name for the type has been written to '/home/runner/work/LifeTrace/LifeTrace/services/lifetrace-cloud/target/debug/deps/lifetrace_cloud-c24716651b91c068.long-type-1820691805584725392.txt'[0m
[0m    [0m[0m[1m[38;5;12m= [0m[0m[1mnote[0m[0m: consider using `--verbose` to print the full type name to the console[0m
[0m    [0m[0m[1m[38;5;12m= [0m[0m[1mnote[0m[0m: this error originates in the macro `top_level_handler_fn` (in Nightly builds, run with -Z macro-backtrace for more info)[0m

[0m[1m[38;5;9merror[E0277][0m[0m[1m: the trait bound `fn(..., ..., ..., ..., ...) -> ... {revoke_grant}: Handler<_, _>` is not satisfied[0m
[0m   [0m[0m[1m[38;5;12m--> [0m[0msrc/routes/auth.rs:40:40[0m
[0m    [0m[0m[1m[38;5;12m|[0m
[0m[1m[38;5;12m40[0m[0m  [0m[0m[1m[38;5;12m|[0m[0m [0m[0m            patch(update_grant).delete(revoke_grant),[0m
[0m    [0m[0m[1m[38;5;12m|[0m[0m                                 [0m[0m[1m[38;5;12m------[0m[0m [0m[0m[1m[38;5;9m^^^^^^^^^^^^[0m[0m [0m[0m[1m[38;5;9mthe trait `Handler<_, _>` is not implemented for fn item `fn(State<AppState>, ..., ..., ..., ...) -> ... {revoke_grant}`[0m
[0m    [0m[0m[1m[38;5;12m|[0m[0m                                 [0m[0m[1m[38;5;12m|[0m
[0m    [0m[0m[1m[38;5;12m|[0m[0m                                 [0m[0m[1m[38;5;12mrequired by a bound introduced by this call[0m
[0m    [0m[0m[1m[38;5;12m|[0m
[0m    [0m[0m[1m[38;5;12m= [0m[0m[1mnote[0m[0m: Consider using `#[axum::debug_handler]` to improve the error message[0m
[0m[1m[38;5;10mnote[0m[0m: required by a bound in `MethodRouter::<S>::delete`[0m
[0m   [0m[0m[1m[38;5;12m--> [0m[0m/home/runner/.cargo/registry/src/index.crates.io-1949cf8c6b5b557f/axum-0.8.9/src/routing/method_routing.rs:644:5[0m
[0m    [0m[0m[1m[38;5;12m|[0m
[0m[1m[38;5;12m644[0m[0m [0m[0m[1m[38;5;12m|[0m[0m [0m[0m    chained_handler_fn!(delete, DELETE);[0m
[0m    [0m[0m[1m[38;5;12m|[0m[0m     [0m[0m[1m[38;5;10m^^^^^^^^^^^^^^^^^^^^[0m[0m[1m[38;5;12m------[0m[0m[1m[38;5;10m^^^^^^^^^[0m
[0m    [0m[0m[1m[38;5;12m|[0m[0m     [0m[0m[1m[38;5;10m|[0m[0m                   [0m[0m[1m[38;5;12m|[0m
[0m    [0m[0m[1m[38;5;12m|[0m[0m     [0m[0m[1m[38;5;10m|[0m[0m                   [0m[0m[1m[38;5;12mrequired by a bound in this associated function[0m
[0m    [0m[0m[1m[38;5;12m|[0m[0m     [0m[0m[1m[38;5;10mrequired by this bound in `MethodRouter::<S>::delete`[0m
[0m    [0m[0m[1m[38;5;12m= [0m[0m[1mnote[0m[0m: the full name for the type has been written to '/home/runner/work/LifeTrace/LifeTrace/services/lifetrace-cloud/target/debug/deps/lifetrace_cloud-c24716651b91c068.long-type-4952381873767368446.txt'[0m
[0m    [0m[0m[1m[38;5;12m= [0m[0m[1mnote[0m[0m: consider using `--verbose` to print the full type name to the console[0m
[0m    [0m[0m[1m[38;5;12m= [0m[0m[1mnote[0m[0m: this error originates in the macro `chained_handler_fn` (in Nightly builds, run with -Z macro-backtrace for more info)[0m

[0m[1m[38;5;9merror[E0277][0m[0m[1m: the trait bound `fn(State<AppState>, ..., ..., ...) -> ... {login}: Handler<_, _>` is not satisfied[0m
[0m   [0m[0m[1m[38;5;12m--> [0m[0msrc/routes/web_auth.rs:24:50[0m
[0m    [0m[0m[1m[38;5;12m|[0m
[0m[1m[38;5;12m24[0m[0m  [0m[0m[1m[38;5;12m|[0m[0m [0m[0m        .route("/api/v1/web/session/login", post(login))[0m
[0m    [0m[0m[1m[38;5;12m|[0m[0m                                             [0m[0m[1m[38;5;12m----[0m[0m [0m[0m[1m[38;5;9m^^^^^[0m[0m [0m[0m[1m[38;5;9mthe trait `Handler<_, _>` is not implemented for fn item `fn(State<AppState>, Option<ConnectInfo<...>>, ..., ...) -> ... {login}`[0m
[0m    [0m[0m[1m[38;5;12m|[0m[0m                                             [0m[0m[1m[38;5;12m|[0m
[0m    [0m[0m[1m[38;5;12m|[0m[0m                                             [0m[0m[1m[38;5;12mrequired by a bound introduced by this call[0m
[0m    [0m[0m[1m[38;5;12m|[0m
[0m    [0m[0m[1m[38;5;12m= [0m[0m[1mnote[0m[0m: Consider using `#[axum::debug_handler]` to improve the error message[0m
[0m[1m[38;5;10mnote[0m[0m: required by a bound in `post`[0m
[0m   [0m[0m[1m[38;5;12m--> [0m[0m/home/runner/.cargo/registry/src/index.crates.io-1949cf8c6b5b557f/axum-0.8.9/src/routing/method_routing.rs:445:1[0m
[0m    [0m[0m[1m[38;5;12m|[0m
[0m[1m[38;5;12m445[0m[0m [0m[0m[1m[38;5;12m|[0m[0m [0m[0mtop_level_handler_fn!(post, POST);[0m
[0m    [0m[0m[1m[38;5;12m|[0m[0m [0m[0m[1m[38;5;10m^^^^^^^^^^^^^^^^^^^^^^[0m[0m[1m[38;5;12m----[0m[0m[1m[38;5;10m^^^^^^^[0m
[0m    [0m[0m[1m[38;5;12m|[0m[0m [0m[0m[1m[38;5;10m|[0m[0m                     [0m[0m[1m[38;5;12m|[0m
[0m    [0m[0m[1m[38;5;12m|[0m[0m [0m[0m[1m[38;5;10m|[0m[0m                     [0m[0m[1m[38;5;12mrequired by a bound in this function[0m
[0m    [0m[0m[1m[38;5;12m|[0m[0m [0m[0m[1m[38;5;10mrequired by this bound in `post`[0m
[0m    [0m[0m[1m[38;5;12m= [0m[0m[1mnote[0m[0m: the full name for the type has been written to '/home/runner/work/LifeTrace/LifeTrace/services/lifetrace-cloud/target/debug/deps/lifetrace_cloud-c24716651b91c068.long-type-14722933750366959654.txt'[0m
[0m    [0m[0m[1m[38;5;12m= [0m[0m[1mnote[0m[0m: consider using `--verbose` to print the full type name to the console[0m
[0m    [0m[0m[1m[38;5;12m= [0m[0m[1mnote[0m[0m: this error originates in the macro `top_level_handler_fn` (in Nightly builds, run with -Z macro-backtrace for more info)[0m

[0m[1m[38;5;9merror[E0277][0m[0m[1m: the trait bound `fn(State<AppState>, Option<...>, ...) -> ... {rotate}: Handler<_, _>` is not satisfied[0m
[0m   [0m[0m[1m[38;5;12m--> [0m[0msrc/routes/web_auth.rs:26:51[0m
[0m    [0m[0m[1m[38;5;12m|[0m
[0m[1m[38;5;12m26[0m[0m  [0m[0m[1m[38;5;12m|[0m[0m [0m[0m        .route("/api/v1/web/session/rotate", post(rotate))[0m
[0m    [0m[0m[1m[38;5;12m|[0m[0m                                              [0m[0m[1m[38;5;12m----[0m[0m [0m[0m[1m[38;5;9m^^^^^^[0m[0m [0m[0m[1m[38;5;9mthe trait `Handler<_, _>` is not implemented for fn item `fn(State<AppState>, Option<ConnectInfo<...>>, ...) -> ... {rotate}`[0m
[0m    [0m[0m[1m[38;5;12m|[0m[0m                                              [0m[0m[1m[38;5;12m|[0m
[0m    [0m[0m[1m[38;5;12m|[0m[0m                                              [0m[0m[1m[38;5;12mrequired by a bound introduced by this call[0m
[0m    [0m[0m[1m[38;5;12m|[0m
[0m    [0m[0m[1m[38;5;12m= [0m[0m[1mnote[0m[0m: Consider using `#[axum::debug_handler]` to improve the error message[0m
[0m[1m[38;5;10mnote[0m[0m: required by a bound in `post`[0m
[0m   [0m[0m[1m[38;5;12m--> [0m[0m/home/runner/.cargo/registry/src/index.crates.io-1949cf8c6b5b557f/axum-0.8.9/src/routing/method_routing.rs:445:1[0m
[0m    [0m[0m[1m[38;5;12m|[0m
[0m[1m[38;5;12m445[0m[0m [0m[0m[1m[38;5;12m|[0m[0m [0m[0mtop_level_handler_fn!(post, POST);[0m
[0m    [0m[0m[1m[38;5;12m|[0m[0m [0m[0m[1m[38;5;10m^^^^^^^^^^^^^^^^^^^^^^[0m[0m[1m[38;5;12m----[0m[0m[1m[38;5;10m^^^^^^^[0m
[0m    [0m[0m[1m[38;5;12m|[0m[0m [0m[0m[1m[38;5;10m|[0m[0m                     [0m[0m[1m[38;5;12m|[0m
[0m    [0m[0m[1m[38;5;12m|[0m[0m [0m[0m[1m[38;5;10m|[0m[0m                     [0m[0m[1m[38;5;12mrequired by a bound in this function[0m
[0m    [0m[0m[1m[38;5;12m|[0m[0m [0m[0m[1m[38;5;10mrequired by this bound in `post`[0m
[0m    [0m[0m[1m[38;5;12m= [0m[0m[1mnote[0m[0m: the full name for the type has been written to '/home/runner/work/LifeTrace/LifeTrace/services/lifetrace-cloud/target/debug/deps/lifetrace_cloud-c24716651b91c068.long-type-14650439934328946912.txt'[0m
[0m    [0m[0m[1m[38;5;12m= [0m[0m[1mnote[0m[0m: consider using `--verbose` to print the full type name to the console[0m
[0m    [0m[0m[1m[38;5;12m= [0m[0m[1mnote[0m[0m: this error originates in the macro `top_level_handler_fn` (in Nightly builds, run with -Z macro-backtrace for more info)[0m

[0m[1m[38;5;9merror[E0277][0m[0m[1m: the trait bound `fn(State<AppState>, Option<...>, ...) -> ... {logout}: Handler<_, _>` is not satisfied[0m
[0m   [0m[0m[1m[38;5;12m--> [0m[0msrc/routes/web_auth.rs:27:51[0m
[0m    [0m[0m[1m[38;5;12m|[0m
[0m[1m[38;5;12m27[0m[0m  [0m[0m[1m[38;5;12m|[0m[0m [0m[0m        .route("/api/v1/web/session/logout", post(logout))[0m
[0m    [0m[0m[1m[38;5;12m|[0m[0m                                              [0m[0m[1m[38;5;12m----[0m[0m [0m[0m[1m[38;5;9m^^^^^^[0m[0m [0m[0m[1m[38;5;9mthe trait `Handler<_, _>` is not implemented for fn item `fn(State<AppState>, Option<ConnectInfo<...>>, ...) -> ... {logout}`[0m
[0m    [0m[0m[1m[38;5;12m|[0m[0m                                              [0m[0m[1m[38;5;12m|[0m
[0m    [0m[0m[1m[38;5;12m|[0m[0m                                              [0m[0m[1m[38;5;12mrequired by a bound introduced by this call[0m
[0m    [0m[0m[1m[38;5;12m|[0m
[0m    [0m[0m[1m[38;5;12m= [0m[0m[1mnote[0m[0m: Consider using `#[axum::debug_handler]` to improve the error message[0m
[0m[1m[38;5;10mnote[0m[0m: required by a bound in `post`[0m
[0m   [0m[0m[1m[38;5;12m--> [0m[0m/home/runner/.cargo/registry/src/index.crates.io-1949cf8c6b5b557f/axum-0.8.9/src/routing/method_routing.rs:445:1[0m
[0m    [0m[0m[1m[38;5;12m|[0m
[0m[1m[38;5;12m445[0m[0m [0m[0m[1m[38;5;12m|[0m[0m [0m[0mtop_level_handler_fn!(post, POST);[0m
[0m    [0m[0m[1m[38;5;12m|[0m[0m [0m[0m[1m[38;5;10m^^^^^^^^^^^^^^^^^^^^^^[0m[0m[1m[38;5;12m----[0m[0m[1m[38;5;10m^^^^^^^[0m
[0m    [0m[0m[1m[38;5;12m|[0m[0m [0m[0m[1m[38;5;10m|[0m[0m                     [0m[0m[1m[38;5;12m|[0m
[0m    [0m[0m[1m[38;5;12m|[0m[0m [0m[0m[1m[38;5;10m|[0m[0m                     [0m[0m[1m[38;5;12mrequired by a bound in this function[0m
[0m    [0m[0m[1m[38;5;12m|[0m[0m [0m[0m[1m[38;5;10mrequired by this bound in `post`[0m
[0m    [0m[0m[1m[38;5;12m= [0m[0m[1mnote[0m[0m: the full name for the type has been written to '/home/runner/work/LifeTrace/LifeTrace/services/lifetrace-cloud/target/debug/deps/lifetrace_cloud-c24716651b91c068.long-type-12824619662916277655.txt'[0m
[0m    [0m[0m[1m[38;5;12m= [0m[0m[1mnote[0m[0m: consider using `--verbose` to print the full type name to the console[0m
[0m    [0m[0m[1m[38;5;12m= [0m[0m[1mnote[0m[0m: this error originates in the macro `top_level_handler_fn` (in Nightly builds, run with -Z macro-backtrace for more info)[0m

[0m[1m[33mwarning[0m[0m[1m: unused import: `AuthProvider`[0m
[0m  [0m[0m[1m[38;5;12m--> [0m[0msrc/routes/web_auth.rs:18:35[0m
[0m   [0m[0m[1m[38;5;12m|[0m
[0m[1m[38;5;12m18[0m[0m [0m[0m[1m[38;5;12m|[0m[0m [0m[0muse crate::auth::{AuthCredential, AuthProvider, AuthenticatedPrincipal};[0m
[0m   [0m[0m[1m[38;5;12m|[0m[0m                                   [0m[0m[1m[33m^^^^^^^^^^^^[0m
[0m   [0m[0m[1m[38;5;12m|[0m
[0m   [0m[0m[1m[38;5;12m= [0m[0m[1mnote[0m[0m: `#[warn(unused_imports)]` on by default[0m

[0m[1mFor more information about this error, try `rustc --explain E0277`.[0m
[1m[33mwarning[0m[1m:[0m `lifetrace-cloud` (lib) generated 1 warning
[1m[31merror[0m[1m:[0m could not compile `lifetrace-cloud` (lib) due to 16 previous errors; 1 warning emitted
exit_status=101
